asdas
asd
as
dsa
das
sd
as
d
as
